// Jest Snapshot v1, https://goo.gl/fbAQLP

exports[`<Form /> should render the form correctly 2`] = `
<main
  class="sc-iBPRYJ jXnqpC"
>
  <div
    class="sc-fubCfw iicVpV"
  >
    My nice 
    <a
      href="#"
    >
      link
    </a>
  </div>
</main>
`
