// Jest Snapshot v1, https://goo.gl/fbAQLP

exports[`<Banner /> should render the heading 1`] = `
<main
  class=""
>
  <h1>
    Banner
  </h1>
</main>
`;
