// Jest Snapshot v1, https://goo.gl/fbAQLP

exports[`<Ribbon /> should render the heading 1`] = `
<main
  class=""
>
  <h1>
    Ribbon
  </h1>
</main>
`
