// Jest Snapshot v1, https://goo.gl/fbAQLP

exports[`<GameCardSlider /> should render the heading 1`] = `
<main
  class=""
>
  <h1>
    GameCardSlider
  </h1>
</main>
`
