// Jest Snapshot v1, https://goo.gl/fbAQLP

exports[`<Main /> should render the heading 1`] = `
.c0 {
  background-color: #14213d;
  color: #e5e5e5;
  width: 100%;
  height: 100%;
  padding: 3rem;
  text-align: center;
  display: -webkit-box;
  display: -webkit-flex;
  display: -ms-flexbox;
  display: flex;
  -webkit-flex-direction: column;
  -ms-flex-direction: column;
  flex-direction: column;
  -webkit-align-items: center;
  -webkit-box-align: center;
  -ms-flex-align: center;
  align-items: center;
  -webkit-box-pack: center;
  -webkit-justify-content: center;
  -ms-flex-pack: center;
  justify-content: center;
}

.c1 {
  font-size: 2.5rem;
  font-family: Roboto;
  margin-bottom: 1.5rem;
}

.c2 {
  font-size: 2rem;
  font-weight: 400;
  font-family: Roboto;
}

.c3 {
  margin-top: 3rem;
  width: min(50rem,100%);
}

<main
  class="c0"
>
  <h1
    class="c1"
  >
    Next.JS Boilerplate
  </h1>
  <h2
    class="c2"
  >
    A boilerplate for your Next.JS application!
  </h2>
  <img
    alt="Um desenvolvedor de frente para uma tela com cÃ³digo."
    class="c3"
    src="/img/Development-pana.svg"
  />
</main>
`
